Using pre-set license
Built from '6000.0/respin/6000.0.59f1-063c55f2fd0f' branch; Version is '6000.0.59f2 (ef281c76c3c1) revision 15673372'; Using compiler version '193933523'; Build Type 'Release'
OS: 'Windows 11  (10.0.26100) 64bit Core' Language: 'ko' Physical Memory: 32605 MB
BatchMode: 1, IsHumanControllingUs: 0, StartBugReporterOnCrash: 0, Is64bit: 1
Date: 2025-11-01T16:22:12Z

COMMAND LINE ARGUMENTS:
C:\Program Files\6000.0.59f2\Editor\Unity.exe
-adb2
-batchMode
-noUpm
-name
AssetImportWorker0
-projectPath
C:/Users/Chaseungjae/Desktop/Unity3DPJ/UnityProject/UnityPJ
-logFile
Logs/AssetImportWorker0.log
-srvPort
60836
-job-worker-count
5
-background-job-worker-count
8
-gc-helper-count
1
-name
AssetImport
Successfully changed project path to: C:/Users/Chaseungjae/Desktop/Unity3DPJ/UnityProject/UnityPJ
C:/Users/Chaseungjae/Desktop/Unity3DPJ/UnityProject/UnityPJ
[UnityMemory] Configuration Parameters - Can be set up in boot.config
    "memorysetup-bucket-allocator-granularity=16"
    "memorysetup-bucket-allocator-bucket-count=8"
    "memorysetup-bucket-allocator-block-size=33554432"
    "memorysetup-bucket-allocator-block-count=8"
    "memorysetup-main-allocator-block-size=16777216"
    "memorysetup-thread-allocator-block-size=16777216"
    "memorysetup-gfx-main-allocator-block-size=16777216"
    "memorysetup-gfx-thread-allocator-block-size=16777216"
    "memorysetup-cache-allocator-block-size=4194304"
    "memorysetup-typetree-allocator-block-size=2097152"
    "memorysetup-profiler-bucket-allocator-granularity=16"
    "memorysetup-profiler-bucket-allocator-bucket-count=8"
    "memorysetup-profiler-bucket-allocator-block-size=33554432"
    "memorysetup-profiler-bucket-allocator-block-count=8"
    "memorysetup-profiler-allocator-block-size=16777216"
    "memorysetup-profiler-editor-allocator-block-size=1048576"
    "memorysetup-temp-allocator-size-main=16777216"
    "memorysetup-job-temp-allocator-block-size=2097152"
    "memorysetup-job-temp-allocator-block-size-background=1048576"
    "memorysetup-job-temp-allocator-reduction-small-platforms=262144"
    "memorysetup-allocator-temp-initial-block-size-main=262144"
    "memorysetup-allocator-temp-initial-block-size-worker=262144"
    "memorysetup-temp-allocator-size-background-worker=32768"
    "memorysetup-temp-allocator-size-job-worker=262144"
    "memorysetup-temp-allocator-size-preload-manager=33554432"
    "memorysetup-temp-allocator-size-nav-mesh-worker=65536"
    "memorysetup-temp-allocator-size-audio-worker=65536"
    "memorysetup-temp-allocator-size-cloud-worker=32768"
    "memorysetup-temp-allocator-size-gi-baking-worker=262144"
    "memorysetup-temp-allocator-size-gi-baking-worker=262144"
    "memorysetup-temp-allocator-size-gi-baking-worker=262144"
    "memorysetup-temp-allocator-size-gi-baking-worker=262144"
    "memorysetup-temp-allocator-size-gi-baking-worker=262144"
    "memorysetup-temp-allocator-size-gfx=262144"
Player connection [2588]  Target information:

Player connection [2588]  * "[IP] 192.168.0.238 [Port] 0 [Flags] 2 [Guid] 4173689625 [EditorId] 4173689625 [Version] 1048832 [Id] WindowsEditor(7,DESKTOP-ICHEMF8) [Debug] 1 [PackageName] WindowsEditor [ProjectName] Editor" 

Player connection [2588] Host joined multi-casting on [225.0.0.222:54997]...
Player connection [2588] Host joined alternative multi-casting on [225.0.0.222:34997]...
JobSystem: Creating JobQueue using job-worker-count value 5
Input System module state changed to: Initialized.
[Physics::Module] Initialized fallback backend.
[Physics::Module] Id: 0xdecafbad
Library Redirect Path: Library/
[Physics::Module] Selected backend.
[Physics::Module] Name: PhysX
[Physics::Module] Id: 0xf2b8ea05
[Physics::Module] SDK Version: 4.1.2
[Physics::Module] Integration Version: 1.0.0
[Physics::Module] Threading Mode: Multi-Threaded
Refreshing native plugins compatible for Editor in 2.22 ms, found 3 plugins.
Preloading 0 native plugins for Editor in 0.00 ms.
Initialize engine version: 6000.0.59f2 (ef281c76c3c1)
[Subsystems] Discovering subsystems at path C:/Program Files/6000.0.59f2/Editor/Data/Resources/UnitySubsystems
[Subsystems] Discovering subsystems at path C:/Users/Chaseungjae/Desktop/Unity3DPJ/UnityProject/UnityPJ/Assets
GfxDevice: creating device client; kGfxThreadingModeNonThreaded
Direct3D:
    Version:  Direct3D 11.0 [level 11.1]
    Renderer: NVIDIA GeForce RTX 4060 (ID=0x2882)
    Vendor:   NVIDIA
    VRAM:     7957 MB
    Driver:   32.0.15.6094
Initialize mono
Mono path[0] = 'C:/Program Files/6000.0.59f2/Editor/Data/Managed'
Mono path[1] = 'C:/Program Files/6000.0.59f2/Editor/Data/MonoBleedingEdge/lib/mono/unityjit-win32'
Mono config path = 'C:/Program Files/6000.0.59f2/Editor/Data/MonoBleedingEdge/etc'
Using monoOptions --debugger-agent=transport=dt_socket,embedding=1,server=y,suspend=n,address=127.0.0.1:56660
Begin MonoManager ReloadAssembly
Registering precompiled unity dll's ...
Register platform support module: C:/Program Files/6000.0.59f2/Editor/Data/PlaybackEngines/WindowsStandaloneSupport/UnityEditor.WindowsStandalone.Extensions.dll
Registered in 0.002877 seconds.
- Loaded All Assemblies, in  0.514 seconds
Native extension for WindowsStandalone target not found
Mono: successfully reloaded assembly
- Finished resetting the current domain, in  0.472 seconds
Domain Reload Profiling: 984ms
	BeginReloadAssembly (183ms)
		ExecutionOrderSort (0ms)
		DisableScriptedObjects (0ms)
		BackupInstance (0ms)
		ReleaseScriptingObjects (0ms)
		CreateAndSetChildDomain (1ms)
	RebuildCommonClasses (46ms)
	RebuildNativeTypeToScriptingClass (14ms)
	initialDomainReloadingComplete (62ms)
	LoadAllAssembliesAndSetupDomain (207ms)
		LoadAssemblies (181ms)
		RebuildTransferFunctionScriptingTraits (0ms)
		AnalyzeDomain (203ms)
			TypeCache.Refresh (199ms)
				TypeCache.ScanAssembly (179ms)
			BuildScriptInfoCaches (0ms)
			ResolveRequiredComponents (1ms)
	FinalizeReload (472ms)
		ReleaseScriptCaches (0ms)
		RebuildScriptCaches (0ms)
		SetupLoadedEditorAssemblies (415ms)
			LogAssemblyErrors (0ms)
			InitializePlatformSupportModulesInManaged (38ms)
			SetLoadedEditorAssemblies (9ms)
			BeforeProcessingInitializeOnLoad (95ms)
			ProcessInitializeOnLoadAttributes (203ms)
			ProcessInitializeOnLoadMethodAttributes (70ms)
			AfterProcessingInitializeOnLoad (0ms)
			EditorAssembliesLoaded (0ms)
		ExecutionOrderSort2 (0ms)
		AwakeInstancesAfterBackupRestoration (0ms)
========================================================================
Worker process is ready to serve import requests
Import Worker Mode flag is 0x00
Begin MonoManager ReloadAssembly
- Loaded All Assemblies, in  0.968 seconds
Refreshing native plugins compatible for Editor in 0.87 ms, found 3 plugins.
Native extension for WindowsStandalone target not found
Package Manager log level set to [2]
[Package Manager] Failed to launch server process. Reason: Unity was launched with the -noUpm command-line argument
[Package Manager] Unable to send message (not connected to server process).
[Package Manager] Cannot connect to Unity Package Manager local server
Mono: successfully reloaded assembly
- Finished resetting the current domain, in  3.554 seconds
Domain Reload Profiling: 4518ms
	BeginReloadAssembly (241ms)
		ExecutionOrderSort (0ms)
		DisableScriptedObjects (10ms)
		BackupInstance (0ms)
		ReleaseScriptingObjects (0ms)
		CreateAndSetChildDomain (43ms)
	RebuildCommonClasses (54ms)
	RebuildNativeTypeToScriptingClass (15ms)
	initialDomainReloadingComplete (59ms)
	LoadAllAssembliesAndSetupDomain (593ms)
		LoadAssemblies (493ms)
		RebuildTransferFunctionScriptingTraits (0ms)
		AnalyzeDomain (238ms)
			TypeCache.Refresh (185ms)
				TypeCache.ScanAssembly (171ms)
			BuildScriptInfoCaches (41ms)
			ResolveRequiredComponents (6ms)
	FinalizeReload (3555ms)
		ReleaseScriptCaches (0ms)
		RebuildScriptCaches (0ms)
		SetupLoadedEditorAssemblies (3383ms)
			LogAssemblyErrors (0ms)
			InitializePlatformSupportModulesInManaged (4ms)
			SetLoadedEditorAssemblies (6ms)
			BeforeProcessingInitializeOnLoad (128ms)
			ProcessInitializeOnLoadAttributes (3198ms)
			ProcessInitializeOnLoadMethodAttributes (40ms)
			AfterProcessingInitializeOnLoad (6ms)
			EditorAssembliesLoaded (1ms)
		ExecutionOrderSort2 (0ms)
		AwakeInstancesAfterBackupRestoration (11ms)
Launched and connected shader compiler UnityShaderCompiler.exe after 0.08 seconds
Refreshing native plugins compatible for Editor in 1.70 ms, found 3 plugins.
Preloading 0 native plugins for Editor in 0.00 ms.
Unloading 0 Unused Serialized files (Serialized files now loaded: 0)
Unloading 4021 unused Assets / (1.4 MB). Loaded Objects now: 4516.
Memory consumption went from 87.8 MB to 86.4 MB.
Total: 17.737700 ms (FindLiveObjects: 2.137400 ms CreateObjectMapping: 1.128900 ms MarkObjects: 10.772900 ms  DeleteObjects: 3.693900 ms)

========================================================================
Received Import Request.
  Time since last request: 1246295.786085 seconds.
  path: Assets/subway_asset/Subway_ModularEnvironment/Materials/EnvironmentProps_Materials/Pickaxe_Mat.mat
  artifactKey: Guid(d8c17a15d90cafe4dab7cf4b84ae5231) Importer(815301076,1909f56bfc062723c751e8b465ee728b)
Start importing Assets/subway_asset/Subway_ModularEnvironment/Materials/EnvironmentProps_Materials/Pickaxe_Mat.mat using Guid(d8c17a15d90cafe4dab7cf4b84ae5231) Importer(815301076,1909f56bfc062723c751e8b465ee728b) (PreviewImporter) -> (artifact id: 'e22a23de496674a2e811e5a58b7297ec') in 0.3031154 seconds
Number of updated asset objects reloaded before import = 0Number of asset objects unloaded after import = 4

========================================================================
Received Import Request.
  Time since last request: 0.000062 seconds.
  path: Assets/Subway Full Package/SubwayTrain/Materials/MM_scrolling_marquee_01.mat
  artifactKey: Guid(181c5c3eb9b308a4f93bec6030f64ff0) Importer(815301076,1909f56bfc062723c751e8b465ee728b)
Start importing Assets/Subway Full Package/SubwayTrain/Materials/MM_scrolling_marquee_01.mat using Guid(181c5c3eb9b308a4f93bec6030f64ff0) Importer(815301076,1909f56bfc062723c751e8b465ee728b) (PreviewImporter) -> (artifact id: '3ba43bd46d64085cc3a9aab4e18984d9') in 0.0372806 seconds
Number of updated asset objects reloaded before import = 0Number of asset objects unloaded after import = 3

========================================================================
Received Import Request.
  Time since last request: 0.000044 seconds.
  path: Assets/Subway Full Package/SubwayTrain/Materials/MI_metal_dull_01.mat
  artifactKey: Guid(ab9b308e21753dd46ae33496bea5c7fd) Importer(815301076,1909f56bfc062723c751e8b465ee728b)
Start importing Assets/Subway Full Package/SubwayTrain/Materials/MI_metal_dull_01.mat using Guid(ab9b308e21753dd46ae33496bea5c7fd) Importer(815301076,1909f56bfc062723c751e8b465ee728b) (PreviewImporter) -> (artifact id: 'f2ec4521ce41cf6e4d8c826ab81a243a') in 0.0849603 seconds
Number of updated asset objects reloaded before import = 0Number of asset objects unloaded after import = 4

========================================================================
Received Import Request.
  Time since last request: 0.000039 seconds.
  path: Assets/subway_asset/Subway_ModularEnvironment/Materials/EnvironmentProps_Materials/Palette_Mat.mat
  artifactKey: Guid(2529ccbd166857b4f9f924f6ec1f76ce) Importer(815301076,1909f56bfc062723c751e8b465ee728b)
Start importing Assets/subway_asset/Subway_ModularEnvironment/Materials/EnvironmentProps_Materials/Palette_Mat.mat using Guid(2529ccbd166857b4f9f924f6ec1f76ce) Importer(815301076,1909f56bfc062723c751e8b465ee728b) (PreviewImporter) -> (artifact id: 'c54218629be4763b5c1a5f378e103fd0') in 0.0765791 seconds
Number of updated asset objects reloaded before import = 0Number of asset objects unloaded after import = 4

========================================================================
Received Import Request.
  Time since last request: 0.000035 seconds.
  path: Assets/Subway Full Package/SubwayTrain/Materials/MI_wall_01.mat
  artifactKey: Guid(94bccbd100086f3439e083ae1bc77331) Importer(815301076,1909f56bfc062723c751e8b465ee728b)
Start importing Assets/Subway Full Package/SubwayTrain/Materials/MI_wall_01.mat using Guid(94bccbd100086f3439e083ae1bc77331) Importer(815301076,1909f56bfc062723c751e8b465ee728b) (PreviewImporter) -> (artifact id: 'd3ad259c2baa45560af6d2aca6c6efc0') in 0.0770133 seconds
Number of updated asset objects reloaded before import = 0Number of asset objects unloaded after import = 7

========================================================================
Received Import Request.
  Time since last request: 0.000058 seconds.
  path: Assets/Subway Full Package/SubwayTrain/Materials/MI_metalpole_01.mat
  artifactKey: Guid(f211375941a85f94bb8eac28a6230316) Importer(815301076,1909f56bfc062723c751e8b465ee728b)
Start importing Assets/Subway Full Package/SubwayTrain/Materials/MI_metalpole_01.mat using Guid(f211375941a85f94bb8eac28a6230316) Importer(815301076,1909f56bfc062723c751e8b465ee728b) (PreviewImporter) -> (artifact id: '25c83b453bc8366dc05dd787d7a95ffb') in 0.0445644 seconds
Number of updated asset objects reloaded before import = 0Number of asset objects unloaded after import = 4

========================================================================
Received Import Request.
  Time since last request: 0.000041 seconds.
  path: Assets/subway_asset/Subway_ModularEnvironment/Materials/EnvironmentProps_Materials/PlasticCan_Mat.mat
  artifactKey: Guid(80fe5282b724d9d4a916cebb40ee9996) Importer(815301076,1909f56bfc062723c751e8b465ee728b)
Start importing Assets/subway_asset/Subway_ModularEnvironment/Materials/EnvironmentProps_Materials/PlasticCan_Mat.mat using Guid(80fe5282b724d9d4a916cebb40ee9996) Importer(815301076,1909f56bfc062723c751e8b465ee728b) (PreviewImporter) -> (artifact id: '7d0decda3fd3085526b753157f98b017') in 0.051698 seconds
Number of updated asset objects reloaded before import = 0Number of asset objects unloaded after import = 4

========================================================================
Received Import Request.
  Time since last request: 0.000047 seconds.
  path: Assets/Subway Full Package/SubwayTrain/Materials/MI_underbody_trim_01.mat
  artifactKey: Guid(118e03c5eddb3a44e8e57bc1731d5915) Importer(815301076,1909f56bfc062723c751e8b465ee728b)
Start importing Assets/Subway Full Package/SubwayTrain/Materials/MI_underbody_trim_01.mat using Guid(118e03c5eddb3a44e8e57bc1731d5915) Importer(815301076,1909f56bfc062723c751e8b465ee728b) (PreviewImporter) -> (artifact id: '22f0e83f085bbcbf0d6fd07c7bc00679') in 0.0516466 seconds
Number of updated asset objects reloaded before import = 0Number of asset objects unloaded after import = 4

========================================================================
Received Import Request.
  Time since last request: 0.000118 seconds.
  path: Assets/subway_asset/Subway_ModularEnvironment/Materials/Station_Materials/SubwayEntrance_Surrounding_Mat.mat
  artifactKey: Guid(58db8b4f3d0fd2c41af329ed89d9f6f6) Importer(815301076,1909f56bfc062723c751e8b465ee728b)
Start importing Assets/subway_asset/Subway_ModularEnvironment/Materials/Station_Materials/SubwayEntrance_Surrounding_Mat.mat using Guid(58db8b4f3d0fd2c41af329ed89d9f6f6) Importer(815301076,1909f56bfc062723c751e8b465ee728b) (PreviewImporter) -> (artifact id: 'b3d6bd33d11a7e29601632cb1f30c60c') in 0.2331169 seconds
Number of updated asset objects reloaded before import = 0Number of asset objects unloaded after import = 4

========================================================================
Received Import Request.
  Time since last request: 0.000051 seconds.
  path: Assets/subway_asset/Subway_ModularEnvironment/Materials/EnvironmentProps_Materials/Cabinet_02_Mat.mat
  artifactKey: Guid(ad0c89eabe2343646a0ea0831a0e3a20) Importer(815301076,1909f56bfc062723c751e8b465ee728b)
Start importing Assets/subway_asset/Subway_ModularEnvironment/Materials/EnvironmentProps_Materials/Cabinet_02_Mat.mat using Guid(ad0c89eabe2343646a0ea0831a0e3a20) Importer(815301076,1909f56bfc062723c751e8b465ee728b) (PreviewImporter) -> (artifact id: '124842eaf7d6f6e71ee3f7dafe52c697') in 0.0517429 seconds
Number of updated asset objects reloaded before import = 0Number of asset objects unloaded after import = 4

========================================================================
Received Import Request.
  Time since last request: 0.000060 seconds.
  path: Assets/Subway Full Package/SubwayTrain/Materials/MI_woodenpanel_01.mat
  artifactKey: Guid(3756254d3253bf04999bb29d0bc8380e) Importer(815301076,1909f56bfc062723c751e8b465ee728b)
Start importing Assets/Subway Full Package/SubwayTrain/Materials/MI_woodenpanel_01.mat using Guid(3756254d3253bf04999bb29d0bc8380e) Importer(815301076,1909f56bfc062723c751e8b465ee728b) (PreviewImporter) -> (artifact id: '68e3579a6fb6b882fc3c84a886e5711f') in 0.0321978 seconds
Number of updated asset objects reloaded before import = 0Number of asset objects unloaded after import = 3

========================================================================
Received Import Request.
  Time since last request: 32.687030 seconds.
  path: Assets/Scripts/MonsterController.cs
  artifactKey: Guid(9beb4a282356f2c4d836a140a51cf152) Importer(2089858483,192608db42251d675da83286b1cce702)
Start importing Assets/Scripts/MonsterController.cs using Guid(9beb4a282356f2c4d836a140a51cf152) Importer(2089858483,192608db42251d675da83286b1cce702) (ScriptedImporter) -> (artifact id: 'b6ff62deec5196b79653dc06774ec27f') in 0.1220763 seconds
Number of updated asset objects reloaded before import = 0Number of asset objects unloaded after import = 0

========================================================================
Received Import Request.
  Time since last request: 0.000094 seconds.
  path: Assets/MonsterMutant 7/Prefab/Base mesh MonsterMutant7 skin1 1.prefab
  artifactKey: Guid(d33452ebc99b5374d80410eff04fb646) Importer(2089858483,192608db42251d675da83286b1cce702)
Start importing Assets/MonsterMutant 7/Prefab/Base mesh MonsterMutant7 skin1 1.prefab using Guid(d33452ebc99b5374d80410eff04fb646) Importer(2089858483,192608db42251d675da83286b1cce702) (ScriptedImporter) -> (artifact id: '3ddb49da12af6ce583f89dd04206af6f') in 0.0704995 seconds
Number of updated asset objects reloaded before import = 0Number of asset objects unloaded after import = 399

========================================================================
Received Import Request.
  Time since last request: 187.475494 seconds.
  path: Assets/subway_asset/Subway_ModularEnvironment/Materials/EnvironmentProps_Materials/Crowbar_Mat.mat
  artifactKey: Guid(4cb61006837ac4349ae9fd66e9c849f3) Importer(815301076,1909f56bfc062723c751e8b465ee728b)
Start importing Assets/subway_asset/Subway_ModularEnvironment/Materials/EnvironmentProps_Materials/Crowbar_Mat.mat using Guid(4cb61006837ac4349ae9fd66e9c849f3) Importer(815301076,1909f56bfc062723c751e8b465ee728b) (PreviewImporter) -> (artifact id: '01d2b2271c054487f89c1e386a35e01c') in 0.0441128 seconds
Number of updated asset objects reloaded before import = 0Number of asset objects unloaded after import = 4

========================================================================
Received Import Request.
  Time since last request: 0.009420 seconds.
  path: Assets/MonsterMutant 7/Stand/Materials/Cylinder001Mat.mat
  artifactKey: Guid(cc39fe1f44241c44281b18e910b44d59) Importer(815301076,1909f56bfc062723c751e8b465ee728b)
Start importing Assets/MonsterMutant 7/Stand/Materials/Cylinder001Mat.mat using Guid(cc39fe1f44241c44281b18e910b44d59) Importer(815301076,1909f56bfc062723c751e8b465ee728b) (PreviewImporter) -> (artifact id: '239f171ab5737a918619457c05c547f8') in 0.0461099 seconds
Number of updated asset objects reloaded before import = 0Number of asset objects unloaded after import = 1

========================================================================
Received Import Request.
  Time since last request: 0.000047 seconds.
  path: Assets/subway_asset/Subway_ModularEnvironment/Materials/Station_Materials/CurrentNextStation_Sign_Mat.mat
  artifactKey: Guid(047a32f9a53d3c84d83fdef377463c47) Importer(815301076,1909f56bfc062723c751e8b465ee728b)
Start importing Assets/subway_asset/Subway_ModularEnvironment/Materials/Station_Materials/CurrentNextStation_Sign_Mat.mat using Guid(047a32f9a53d3c84d83fdef377463c47) Importer(815301076,1909f56bfc062723c751e8b465ee728b) (PreviewImporter) -> (artifact id: '769e09e7620cdc0507d1dceb918bc860') in 0.052517 seconds
Number of updated asset objects reloaded before import = 0Number of asset objects unloaded after import = 6

========================================================================
Received Import Request.
  Time since last request: 0.000041 seconds.
  path: Assets/subway_asset/Subway_ModularEnvironment/Materials/Station_Materials/Decal_MeshesMat_01.mat
  artifactKey: Guid(68d119c19d5e5ca4fad72f9ed2ff757b) Importer(815301076,1909f56bfc062723c751e8b465ee728b)
Start importing Assets/subway_asset/Subway_ModularEnvironment/Materials/Station_Materials/Decal_MeshesMat_01.mat using Guid(68d119c19d5e5ca4fad72f9ed2ff757b) Importer(815301076,1909f56bfc062723c751e8b465ee728b) (PreviewImporter) -> (artifact id: '5cc2d800c9472db0070da282272b82db') in 0.053059 seconds
Number of updated asset objects reloaded before import = 0Number of asset objects unloaded after import = 5

Editor requested this worker to shutdown with reason: Scaling down because of idle timeout
AssetImportWorker is now disconnected from the server
Process exiting
Exiting without the bug reporter. Application will terminate with return code 0