Using pre-set license
Built from '6000.0/respin/6000.0.59f1-063c55f2fd0f' branch; Version is '6000.0.59f2 (ef281c76c3c1) revision 15673372'; Using compiler version '193933523'; Build Type 'Release'
OS: 'Windows 11  (10.0.26100) 64bit Core' Language: 'ko' Physical Memory: 32605 MB
BatchMode: 1, IsHumanControllingUs: 0, StartBugReporterOnCrash: 0, Is64bit: 1
Date: 2025-11-02T08:07:13Z

COMMAND LINE ARGUMENTS:
C:\Program Files\6000.0.59f2\Editor\Unity.exe
-adb2
-batchMode
-noUpm
-name
AssetImportWorker0
-projectPath
C:/Users/Chaseungjae/Desktop/Unity3DPJ/UnityProject/UnityPJ
-logFile
Logs/AssetImportWorker0.log
-srvPort
54371
-job-worker-count
5
-background-job-worker-count
8
-gc-helper-count
1
-name
AssetImport
Successfully changed project path to: C:/Users/Chaseungjae/Desktop/Unity3DPJ/UnityProject/UnityPJ
C:/Users/Chaseungjae/Desktop/Unity3DPJ/UnityProject/UnityPJ
[UnityMemory] Configuration Parameters - Can be set up in boot.config
    "memorysetup-bucket-allocator-granularity=16"
    "memorysetup-bucket-allocator-bucket-count=8"
    "memorysetup-bucket-allocator-block-size=33554432"
    "memorysetup-bucket-allocator-block-count=8"
    "memorysetup-main-allocator-block-size=16777216"
    "memorysetup-thread-allocator-block-size=16777216"
    "memorysetup-gfx-main-allocator-block-size=16777216"
    "memorysetup-gfx-thread-allocator-block-size=16777216"
    "memorysetup-cache-allocator-block-size=4194304"
    "memorysetup-typetree-allocator-block-size=2097152"
    "memorysetup-profiler-bucket-allocator-granularity=16"
    "memorysetup-profiler-bucket-allocator-bucket-count=8"
    "memorysetup-profiler-bucket-allocator-block-size=33554432"
    "memorysetup-profiler-bucket-allocator-block-count=8"
    "memorysetup-profiler-allocator-block-size=16777216"
    "memorysetup-profiler-editor-allocator-block-size=1048576"
    "memorysetup-temp-allocator-size-main=16777216"
    "memorysetup-job-temp-allocator-block-size=2097152"
    "memorysetup-job-temp-allocator-block-size-background=1048576"
    "memorysetup-job-temp-allocator-reduction-small-platforms=262144"
    "memorysetup-allocator-temp-initial-block-size-main=262144"
    "memorysetup-allocator-temp-initial-block-size-worker=262144"
    "memorysetup-temp-allocator-size-background-worker=32768"
    "memorysetup-temp-allocator-size-job-worker=262144"
    "memorysetup-temp-allocator-size-preload-manager=33554432"
    "memorysetup-temp-allocator-size-nav-mesh-worker=65536"
    "memorysetup-temp-allocator-size-audio-worker=65536"
    "memorysetup-temp-allocator-size-cloud-worker=32768"
    "memorysetup-temp-allocator-size-gi-baking-worker=262144"
    "memorysetup-temp-allocator-size-gi-baking-worker=262144"
    "memorysetup-temp-allocator-size-gi-baking-worker=262144"
    "memorysetup-temp-allocator-size-gi-baking-worker=262144"
    "memorysetup-temp-allocator-size-gi-baking-worker=262144"
    "memorysetup-temp-allocator-size-gfx=262144"
Player connection [23096]  Target information:

Player connection [23096]  * "[IP] 192.168.0.238 [Port] 0 [Flags] 2 [Guid] 1627735587 [EditorId] 1627735587 [Version] 1048832 [Id] WindowsEditor(7,DESKTOP-ICHEMF8) [Debug] 1 [PackageName] WindowsEditor [ProjectName] Editor" 

Player connection [23096] Host joined multi-casting on [225.0.0.222:54997]...
Player connection [23096] Host joined alternative multi-casting on [225.0.0.222:34997]...
JobSystem: Creating JobQueue using job-worker-count value 5
Input System module state changed to: Initialized.
[Physics::Module] Initialized fallback backend.
[Physics::Module] Id: 0xdecafbad
Library Redirect Path: Library/
[Physics::Module] Selected backend.
[Physics::Module] Name: PhysX
[Physics::Module] Id: 0xf2b8ea05
[Physics::Module] SDK Version: 4.1.2
[Physics::Module] Integration Version: 1.0.0
[Physics::Module] Threading Mode: Multi-Threaded
Refreshing native plugins compatible for Editor in 1.62 ms, found 3 plugins.
Preloading 0 native plugins for Editor in 0.00 ms.
Initialize engine version: 6000.0.59f2 (ef281c76c3c1)
[Subsystems] Discovering subsystems at path C:/Program Files/6000.0.59f2/Editor/Data/Resources/UnitySubsystems
[Subsystems] Discovering subsystems at path C:/Users/Chaseungjae/Desktop/Unity3DPJ/UnityProject/UnityPJ/Assets
GfxDevice: creating device client; kGfxThreadingModeNonThreaded
Direct3D:
    Version:  Direct3D 11.0 [level 11.1]
    Renderer: NVIDIA GeForce RTX 4060 (ID=0x2882)
    Vendor:   NVIDIA
    VRAM:     7957 MB
    Driver:   32.0.15.6094
Initialize mono
Mono path[0] = 'C:/Program Files/6000.0.59f2/Editor/Data/Managed'
Mono path[1] = 'C:/Program Files/6000.0.59f2/Editor/Data/MonoBleedingEdge/lib/mono/unityjit-win32'
Mono config path = 'C:/Program Files/6000.0.59f2/Editor/Data/MonoBleedingEdge/etc'
Using monoOptions --debugger-agent=transport=dt_socket,embedding=1,server=y,suspend=n,address=127.0.0.1:56100
Begin MonoManager ReloadAssembly
Registering precompiled unity dll's ...
Register platform support module: C:/Program Files/6000.0.59f2/Editor/Data/PlaybackEngines/WindowsStandaloneSupport/UnityEditor.WindowsStandalone.Extensions.dll
Registered in 0.002313 seconds.
- Loaded All Assemblies, in  0.419 seconds
Native extension for WindowsStandalone target not found
Mono: successfully reloaded assembly
- Finished resetting the current domain, in  0.347 seconds
Domain Reload Profiling: 764ms
	BeginReloadAssembly (149ms)
		ExecutionOrderSort (0ms)
		DisableScriptedObjects (0ms)
		BackupInstance (0ms)
		ReleaseScriptingObjects (0ms)
		CreateAndSetChildDomain (1ms)
	RebuildCommonClasses (37ms)
	RebuildNativeTypeToScriptingClass (14ms)
	initialDomainReloadingComplete (47ms)
	LoadAllAssembliesAndSetupDomain (170ms)
		LoadAssemblies (147ms)
		RebuildTransferFunctionScriptingTraits (0ms)
		AnalyzeDomain (167ms)
			TypeCache.Refresh (165ms)
				TypeCache.ScanAssembly (150ms)
			BuildScriptInfoCaches (0ms)
			ResolveRequiredComponents (1ms)
	FinalizeReload (347ms)
		ReleaseScriptCaches (0ms)
		RebuildScriptCaches (0ms)
		SetupLoadedEditorAssemblies (303ms)
			LogAssemblyErrors (0ms)
			InitializePlatformSupportModulesInManaged (23ms)
			SetLoadedEditorAssemblies (5ms)
			BeforeProcessingInitializeOnLoad (62ms)
			ProcessInitializeOnLoadAttributes (161ms)
			ProcessInitializeOnLoadMethodAttributes (51ms)
			AfterProcessingInitializeOnLoad (0ms)
			EditorAssembliesLoaded (0ms)
		ExecutionOrderSort2 (0ms)
		AwakeInstancesAfterBackupRestoration (0ms)
========================================================================
Worker process is ready to serve import requests
Import Worker Mode flag is 0x00
Begin MonoManager ReloadAssembly
- Loaded All Assemblies, in  0.767 seconds
Refreshing native plugins compatible for Editor in 0.82 ms, found 3 plugins.
Native extension for WindowsStandalone target not found
Package Manager log level set to [2]
[Package Manager] Failed to launch server process. Reason: Unity was launched with the -noUpm command-line argument
[Package Manager] Unable to send message (not connected to server process).
[Package Manager] Cannot connect to Unity Package Manager local server
Mono: successfully reloaded assembly
- Finished resetting the current domain, in  2.405 seconds
Domain Reload Profiling: 3169ms
	BeginReloadAssembly (189ms)
		ExecutionOrderSort (0ms)
		DisableScriptedObjects (7ms)
		BackupInstance (0ms)
		ReleaseScriptingObjects (0ms)
		CreateAndSetChildDomain (30ms)
	RebuildCommonClasses (38ms)
	RebuildNativeTypeToScriptingClass (11ms)
	initialDomainReloadingComplete (39ms)
	LoadAllAssembliesAndSetupDomain (487ms)
		LoadAssemblies (376ms)
		RebuildTransferFunctionScriptingTraits (0ms)
		AnalyzeDomain (220ms)
			TypeCache.Refresh (178ms)
				TypeCache.ScanAssembly (160ms)
			BuildScriptInfoCaches (35ms)
			ResolveRequiredComponents (4ms)
	FinalizeReload (2406ms)
		ReleaseScriptCaches (0ms)
		RebuildScriptCaches (0ms)
		SetupLoadedEditorAssemblies (2281ms)
			LogAssemblyErrors (0ms)
			InitializePlatformSupportModulesInManaged (2ms)
			SetLoadedEditorAssemblies (5ms)
			BeforeProcessingInitializeOnLoad (103ms)
			ProcessInitializeOnLoadAttributes (2141ms)
			ProcessInitializeOnLoadMethodAttributes (25ms)
			AfterProcessingInitializeOnLoad (4ms)
			EditorAssembliesLoaded (0ms)
		ExecutionOrderSort2 (0ms)
		AwakeInstancesAfterBackupRestoration (5ms)
Launched and connected shader compiler UnityShaderCompiler.exe after 0.04 seconds
Refreshing native plugins compatible for Editor in 1.84 ms, found 3 plugins.
Preloading 0 native plugins for Editor in 0.00 ms.
Unloading 0 Unused Serialized files (Serialized files now loaded: 0)
Unloading 4025 unused Assets / (1.3 MB). Loaded Objects now: 4521.
Memory consumption went from 87.9 MB to 86.5 MB.
Total: 6.250800 ms (FindLiveObjects: 0.440200 ms CreateObjectMapping: 0.238800 ms MarkObjects: 4.221100 ms  DeleteObjects: 1.349100 ms)

========================================================================
Received Import Request.
  Time since last request: 1303005.293133 seconds.
  path: Assets/Q Vignette/Prefabs
  artifactKey: Guid(d56583552f4e2fd4381e6de2d108dbc0) Importer(815301076,1909f56bfc062723c751e8b465ee728b)
Start importing Assets/Q Vignette/Prefabs using Guid(d56583552f4e2fd4381e6de2d108dbc0) Importer(815301076,1909f56bfc062723c751e8b465ee728b) (PreviewImporter) -> (artifact id: 'd4096b66e7e91444124da1c964b9316d') in 0.0040653 seconds
Number of updated asset objects reloaded before import = 0Number of asset objects unloaded after import = 0

========================================================================
Received Import Request.
  Time since last request: 0.040253 seconds.
  path: Assets/Q Vignette/Prefabs/Q_Vignette_Single.prefab
  artifactKey: Guid(320bc0d91a835b848865631e1c7b6ef9) Importer(815301076,1909f56bfc062723c751e8b465ee728b)
Start importing Assets/Q Vignette/Prefabs/Q_Vignette_Single.prefab using Guid(320bc0d91a835b848865631e1c7b6ef9) Importer(815301076,1909f56bfc062723c751e8b465ee728b) (PreviewImporter) -> (artifact id: '305a6b458c85f1bb0a5951312ac7891a') in 0.0400022 seconds
Number of updated asset objects reloaded before import = 0Number of asset objects unloaded after import = 58

========================================================================
Received Import Request.
  Time since last request: 24.946481 seconds.
  path: Assets/Q Vignette/Prefabs/Q_Vignette_Single.prefab
  artifactKey: Guid(320bc0d91a835b848865631e1c7b6ef9) Importer(815301076,1909f56bfc062723c751e8b465ee728b)
Start importing Assets/Q Vignette/Prefabs/Q_Vignette_Single.prefab using Guid(320bc0d91a835b848865631e1c7b6ef9) Importer(815301076,1909f56bfc062723c751e8b465ee728b) (PreviewImporter) -> (artifact id: 'ac0f32e9157ce0657581aafe7d9cc489') in 0.002819 seconds
Number of updated asset objects reloaded before import = 0Number of asset objects unloaded after import = 58

========================================================================
Received Import Request.
  Time since last request: 0.372377 seconds.
  path: Assets/Q Vignette/Prefabs/Q_Vignette_Single.prefab
  artifactKey: Guid(320bc0d91a835b848865631e1c7b6ef9) Importer(815301076,1909f56bfc062723c751e8b465ee728b)
Start importing Assets/Q Vignette/Prefabs/Q_Vignette_Single.prefab using Guid(320bc0d91a835b848865631e1c7b6ef9) Importer(815301076,1909f56bfc062723c751e8b465ee728b) (PreviewImporter) -> (artifact id: '3fab2cadb8564a0eb5d6eb3832d31688') in 0.0046231 seconds
Number of updated asset objects reloaded before import = 0Number of asset objects unloaded after import = 58

========================================================================
Received Import Request.
  Time since last request: 6.534300 seconds.
  path: Assets/Q Vignette/Prefabs/Misc
  artifactKey: Guid(9bb1a89a6304a34439b50eae6af93b54) Importer(815301076,1909f56bfc062723c751e8b465ee728b)
Start importing Assets/Q Vignette/Prefabs/Misc using Guid(9bb1a89a6304a34439b50eae6af93b54) Importer(815301076,1909f56bfc062723c751e8b465ee728b) (PreviewImporter) -> (artifact id: 'db7a2cc6216c992e7ab8ccd74e9729ec') in 0.0005264 seconds
Number of updated asset objects reloaded before import = 0Number of asset objects unloaded after import = 0

========================================================================
Received Import Request.
  Time since last request: 0.038386 seconds.
  path: Assets/Q Vignette/Prefabs/Misc/VignetteCorner.prefab
  artifactKey: Guid(8f08e2236a19e7d47b4057cc4269c807) Importer(815301076,1909f56bfc062723c751e8b465ee728b)
Start importing Assets/Q Vignette/Prefabs/Misc/VignetteCorner.prefab using Guid(8f08e2236a19e7d47b4057cc4269c807) Importer(815301076,1909f56bfc062723c751e8b465ee728b) (PreviewImporter) -> (artifact id: '06f5d7cd9a8011dc10f9b568b28b251d') in 0.0022567 seconds
Number of updated asset objects reloaded before import = 0Number of asset objects unloaded after import = 9

========================================================================
Received Import Request.
  Time since last request: 3.325000 seconds.
  path: Assets/Q Vignette/Demos
  artifactKey: Guid(b5dc54f31bc128e478ce0a58e0ba4ba7) Importer(815301076,1909f56bfc062723c751e8b465ee728b)
Start importing Assets/Q Vignette/Demos using Guid(b5dc54f31bc128e478ce0a58e0ba4ba7) Importer(815301076,1909f56bfc062723c751e8b465ee728b) (PreviewImporter) -> (artifact id: 'bf95a03f2dbee7c3d11cccd280ef9aa4') in 0.0007481 seconds
Number of updated asset objects reloaded before import = 0Number of asset objects unloaded after import = 0

========================================================================
Received Import Request.
  Time since last request: 4.422659 seconds.
  path: Assets/Q Vignette/Scripts
  artifactKey: Guid(0c844b750d64c1640b99aea6c5b9651e) Importer(815301076,1909f56bfc062723c751e8b465ee728b)
Start importing Assets/Q Vignette/Scripts using Guid(0c844b750d64c1640b99aea6c5b9651e) Importer(815301076,1909f56bfc062723c751e8b465ee728b) (PreviewImporter) -> (artifact id: 'cd4465b91cb46a7844a2ebecf28c40d3') in 0.0006588 seconds
Number of updated asset objects reloaded before import = 0Number of asset objects unloaded after import = 0

========================================================================
Received Import Request.
  Time since last request: 1.311435 seconds.
  path: Assets/Q Vignette/Textures
  artifactKey: Guid(8f3f77fa785b7aa4ea534b56ab5d2afa) Importer(815301076,1909f56bfc062723c751e8b465ee728b)
Start importing Assets/Q Vignette/Textures using Guid(8f3f77fa785b7aa4ea534b56ab5d2afa) Importer(815301076,1909f56bfc062723c751e8b465ee728b) (PreviewImporter) -> (artifact id: '55a54c09d9c0e346e674b7b63436db6d') in 0.0004636 seconds
Number of updated asset objects reloaded before import = 0Number of asset objects unloaded after import = 0

========================================================================
Received Import Request.
  Time since last request: 0.054988 seconds.
  path: Assets/Q Vignette/Textures/aztecCorners.png
  artifactKey: Guid(1183861155702694b9f27856d0523950) Importer(815301076,1909f56bfc062723c751e8b465ee728b)
Start importing Assets/Q Vignette/Textures/aztecCorners.png using Guid(1183861155702694b9f27856d0523950) Importer(815301076,1909f56bfc062723c751e8b465ee728b) (PreviewImporter) -> (artifact id: '3eb6da2abc4647d6af771e1fdbdb5f47') in 0.120891 seconds
Number of updated asset objects reloaded before import = 0Number of asset objects unloaded after import = 6

========================================================================
Received Import Request.
  Time since last request: 0.000033 seconds.
  path: Assets/Q Vignette/Textures/vignetteCorner_type1.png
  artifactKey: Guid(2efb5c834060efe48b86e2e6b7ee93d8) Importer(815301076,1909f56bfc062723c751e8b465ee728b)
Start importing Assets/Q Vignette/Textures/vignetteCorner_type1.png using Guid(2efb5c834060efe48b86e2e6b7ee93d8) Importer(815301076,1909f56bfc062723c751e8b465ee728b) (PreviewImporter) -> (artifact id: '7df8169afaa3c663fdbaa5c3ba76f262') in 0.0323974 seconds
Number of updated asset objects reloaded before import = 0Number of asset objects unloaded after import = 6

Editor requested this worker to shutdown with reason: Scaling down because of idle timeout
AssetImportWorker is now disconnected from the server
Process exiting
Exiting without the bug reporter. Application will terminate with return code 0